// Jest Snapshot v1, https://goo.gl/fbAQLP

exports[`render loading correctly 1`] = `
<div
  className="bp3-card bp3-interactive bp3-elevation-0 col-lg-12 col-md-12 col-sm-12 col-xs-12"
>
  <h4>
    Orders
  </h4>
  <svg
    className="bp3-spinner"
    height={24}
    strokeWidth={16}
    viewBox="0 0 100 100"
    width={24}
  >
    <path
      className="bp3-spinner-track"
      d="M 50,50 m 0,-44.5 a 44.5,44.5 0 1 1 0,89 a 44.5,44.5 0 1 1 0,-89"
    />
    <path
      className="bp3-spinner-head"
      d="M 50,50 m 0,-44.5 a 44.5,44.5 0 1 1 0,89 a 44.5,44.5 0 1 1 0,-89"
      pathLength={280}
      strokeDasharray="280 280"
      strokeDashoffset={210}
    />
  </svg>
</div>
`;

exports[`render no data correctly 1`] = `
<div
  className="bp3-card bp3-interactive bp3-elevation-0 col-lg-12 col-md-12 col-sm-12 col-xs-12"
>
  <h4>
    Orders
  </h4>
  <div>
    No related data in this time range. You can try another time range.
  </div>
</div>
`;
