// Jest Snapshot v1, https://goo.gl/fbAQLP

exports[`render correctly in 1 of 1 page 1`] = `
<div
  className="row center-xs"
>
  <div
    className="bitfinex-pagination-group col-xs-12 col-sm-6"
  >
    <button
      className="bp3-button bp3-disabled bp3-minimal"
      disabled={true}
      onKeyDown={[Function]}
      onKeyUp={[Function]}
      tabIndex={-1}
      type="button"
    >
      <span
        className="bp3-icon bp3-icon-double-chevron-left"
        icon="double-chevron-left"
      >
        <svg
          data-icon="double-chevron-left"
          height={16}
          viewBox="0 0 16 16"
          width={16}
        >
          <desc>
            double-chevron-left
          </desc>
          <path
            d="M4.41 8L7.7 4.71c.19-.18.3-.43.3-.71a1.003 1.003 0 0 0-1.71-.71l-4 4C2.11 7.47 2 7.72 2 8c0 .28.11.53.29.71l4 4a1.003 1.003 0 0 0 1.42-1.42L4.41 8zm5 0l3.29-3.29c.19-.18.3-.43.3-.71a1.003 1.003 0 0 0-1.71-.71l-4 4C7.11 7.47 7 7.72 7 8c0 .28.11.53.29.71l4 4a1.003 1.003 0 0 0 1.42-1.42L9.41 8z"
            fillRule="evenodd"
          />
        </svg>
      </span>
    </button>
    <button
      className="bp3-button bp3-disabled bp3-minimal"
      disabled={true}
      onKeyDown={[Function]}
      onKeyUp={[Function]}
      tabIndex={-1}
      type="button"
    >
      <span
        className="bp3-icon bp3-icon-chevron-left"
        icon="chevron-left"
      >
        <svg
          data-icon="chevron-left"
          height={16}
          viewBox="0 0 16 16"
          width={16}
        >
          <desc>
            chevron-left
          </desc>
          <path
            d="M7.41 8l3.29-3.29c.19-.18.3-.43.3-.71a1.003 1.003 0 0 0-1.71-.71l-4 4C5.11 7.47 5 7.72 5 8c0 .28.11.53.29.71l4 4a1.003 1.003 0 0 0 1.42-1.42L7.41 8z"
            fillRule="evenodd"
          />
        </svg>
      </span>
    </button>
    pagination.page
    <input
      className="bitfinex-page-input"
      data-pagelen={1}
      disabled={false}
      onKeyPress={[Function]}
      placeholder={1}
    />
    pagination.of
     
    1
    
    <button
      className="bp3-button bp3-disabled bp3-minimal"
      disabled={true}
      onKeyDown={[Function]}
      onKeyUp={[Function]}
      tabIndex={-1}
      type="button"
    >
      <span
        className="bp3-icon bp3-icon-chevron-right"
        icon="chevron-right"
      >
        <svg
          data-icon="chevron-right"
          height={16}
          viewBox="0 0 16 16"
          width={16}
        >
          <desc>
            chevron-right
          </desc>
          <path
            d="M10.71 7.29l-4-4a1.003 1.003 0 0 0-1.42 1.42L8.59 8 5.3 11.29c-.19.18-.3.43-.3.71a1.003 1.003 0 0 0 1.71.71l4-4c.18-.18.29-.43.29-.71 0-.28-.11-.53-.29-.71z"
            fillRule="evenodd"
          />
        </svg>
      </span>
    </button>
    <button
      className="bp3-button bp3-disabled bp3-minimal"
      disabled={true}
      onKeyDown={[Function]}
      onKeyUp={[Function]}
      tabIndex={-1}
      type="button"
    >
      <span
        className="bp3-icon bp3-icon-double-chevron-right"
        icon="double-chevron-right"
      >
        <svg
          data-icon="double-chevron-right"
          height={16}
          viewBox="0 0 16 16"
          width={16}
        >
          <desc>
            double-chevron-right
          </desc>
          <path
            d="M9 8c0-.28-.11-.53-.29-.71l-4-4a1.003 1.003 0 0 0-1.42 1.42L6.59 8 3.3 11.29c-.19.18-.3.43-.3.71a1.003 1.003 0 0 0 1.71.71l4-4C8.89 8.53 9 8.28 9 8zm4.71-.71l-4-4a1.003 1.003 0 0 0-1.42 1.42L11.59 8 8.3 11.29c-.19.18-.3.43-.3.71a1.003 1.003 0 0 0 1.71.71l4-4c.18-.18.29-.43.29-.71 0-.28-.11-.53-.29-.71z"
            fillRule="evenodd"
          />
        </svg>
      </span>
    </button>
  </div>
</div>
`;

exports[`render correctly in 1 of 2 pages 1`] = `
<div
  className="row center-xs"
>
  <div
    className="bitfinex-pagination-group col-xs-12 col-sm-6"
  >
    <button
      className="bp3-button bp3-disabled bp3-minimal"
      disabled={true}
      onKeyDown={[Function]}
      onKeyUp={[Function]}
      tabIndex={-1}
      type="button"
    >
      <span
        className="bp3-icon bp3-icon-double-chevron-left"
        icon="double-chevron-left"
      >
        <svg
          data-icon="double-chevron-left"
          height={16}
          viewBox="0 0 16 16"
          width={16}
        >
          <desc>
            double-chevron-left
          </desc>
          <path
            d="M4.41 8L7.7 4.71c.19-.18.3-.43.3-.71a1.003 1.003 0 0 0-1.71-.71l-4 4C2.11 7.47 2 7.72 2 8c0 .28.11.53.29.71l4 4a1.003 1.003 0 0 0 1.42-1.42L4.41 8zm5 0l3.29-3.29c.19-.18.3-.43.3-.71a1.003 1.003 0 0 0-1.71-.71l-4 4C7.11 7.47 7 7.72 7 8c0 .28.11.53.29.71l4 4a1.003 1.003 0 0 0 1.42-1.42L9.41 8z"
            fillRule="evenodd"
          />
        </svg>
      </span>
    </button>
    <button
      className="bp3-button bp3-disabled bp3-minimal"
      disabled={true}
      onKeyDown={[Function]}
      onKeyUp={[Function]}
      tabIndex={-1}
      type="button"
    >
      <span
        className="bp3-icon bp3-icon-chevron-left"
        icon="chevron-left"
      >
        <svg
          data-icon="chevron-left"
          height={16}
          viewBox="0 0 16 16"
          width={16}
        >
          <desc>
            chevron-left
          </desc>
          <path
            d="M7.41 8l3.29-3.29c.19-.18.3-.43.3-.71a1.003 1.003 0 0 0-1.71-.71l-4 4C5.11 7.47 5 7.72 5 8c0 .28.11.53.29.71l4 4a1.003 1.003 0 0 0 1.42-1.42L7.41 8z"
            fillRule="evenodd"
          />
        </svg>
      </span>
    </button>
    pagination.page
    <input
      className="bitfinex-page-input"
      data-pagelen={2}
      disabled={false}
      onKeyPress={[Function]}
      placeholder={1}
    />
    pagination.of
     
    2
    
    <button
      className="bp3-button bp3-minimal"
      onClick={[Function]}
      onKeyDown={[Function]}
      onKeyUp={[Function]}
      type="button"
    >
      <span
        className="bp3-icon bp3-icon-chevron-right"
        icon="chevron-right"
      >
        <svg
          data-icon="chevron-right"
          height={16}
          viewBox="0 0 16 16"
          width={16}
        >
          <desc>
            chevron-right
          </desc>
          <path
            d="M10.71 7.29l-4-4a1.003 1.003 0 0 0-1.42 1.42L8.59 8 5.3 11.29c-.19.18-.3.43-.3.71a1.003 1.003 0 0 0 1.71.71l4-4c.18-.18.29-.43.29-.71 0-.28-.11-.53-.29-.71z"
            fillRule="evenodd"
          />
        </svg>
      </span>
    </button>
    <button
      className="bp3-button bp3-disabled bp3-minimal"
      disabled={true}
      onKeyDown={[Function]}
      onKeyUp={[Function]}
      tabIndex={-1}
      type="button"
    >
      <span
        className="bp3-icon bp3-icon-double-chevron-right"
        icon="double-chevron-right"
      >
        <svg
          data-icon="double-chevron-right"
          height={16}
          viewBox="0 0 16 16"
          width={16}
        >
          <desc>
            double-chevron-right
          </desc>
          <path
            d="M9 8c0-.28-.11-.53-.29-.71l-4-4a1.003 1.003 0 0 0-1.42 1.42L6.59 8 3.3 11.29c-.19.18-.3.43-.3.71a1.003 1.003 0 0 0 1.71.71l4-4C8.89 8.53 9 8.28 9 8zm4.71-.71l-4-4a1.003 1.003 0 0 0-1.42 1.42L11.59 8 8.3 11.29c-.19.18-.3.43-.3.71a1.003 1.003 0 0 0 1.71.71l4-4c.18-.18.29-.43.29-.71 0-.28-.11-.53-.29-.71z"
            fillRule="evenodd"
          />
        </svg>
      </span>
    </button>
  </div>
</div>
`;

exports[`render correctly in 1 of 4 pages 1`] = `
<div
  className="row center-xs"
>
  <div
    className="bitfinex-pagination-group col-xs-12 col-sm-6"
  >
    <button
      className="bp3-button bp3-disabled bp3-minimal"
      disabled={true}
      onKeyDown={[Function]}
      onKeyUp={[Function]}
      tabIndex={-1}
      type="button"
    >
      <span
        className="bp3-icon bp3-icon-double-chevron-left"
        icon="double-chevron-left"
      >
        <svg
          data-icon="double-chevron-left"
          height={16}
          viewBox="0 0 16 16"
          width={16}
        >
          <desc>
            double-chevron-left
          </desc>
          <path
            d="M4.41 8L7.7 4.71c.19-.18.3-.43.3-.71a1.003 1.003 0 0 0-1.71-.71l-4 4C2.11 7.47 2 7.72 2 8c0 .28.11.53.29.71l4 4a1.003 1.003 0 0 0 1.42-1.42L4.41 8zm5 0l3.29-3.29c.19-.18.3-.43.3-.71a1.003 1.003 0 0 0-1.71-.71l-4 4C7.11 7.47 7 7.72 7 8c0 .28.11.53.29.71l4 4a1.003 1.003 0 0 0 1.42-1.42L9.41 8z"
            fillRule="evenodd"
          />
        </svg>
      </span>
    </button>
    <button
      className="bp3-button bp3-disabled bp3-minimal"
      disabled={true}
      onKeyDown={[Function]}
      onKeyUp={[Function]}
      tabIndex={-1}
      type="button"
    >
      <span
        className="bp3-icon bp3-icon-chevron-left"
        icon="chevron-left"
      >
        <svg
          data-icon="chevron-left"
          height={16}
          viewBox="0 0 16 16"
          width={16}
        >
          <desc>
            chevron-left
          </desc>
          <path
            d="M7.41 8l3.29-3.29c.19-.18.3-.43.3-.71a1.003 1.003 0 0 0-1.71-.71l-4 4C5.11 7.47 5 7.72 5 8c0 .28.11.53.29.71l4 4a1.003 1.003 0 0 0 1.42-1.42L7.41 8z"
            fillRule="evenodd"
          />
        </svg>
      </span>
    </button>
    pagination.page
    <input
      className="bitfinex-page-input"
      data-pagelen={4}
      disabled={false}
      onKeyPress={[Function]}
      placeholder={1}
    />
    pagination.of
     
    4
    <span>
      +
    </span>
     
    <button
      className="bp3-button bp3-minimal"
      onClick={[Function]}
      onKeyDown={[Function]}
      onKeyUp={[Function]}
      type="button"
    >
      <span
        className="bp3-icon bp3-icon-chevron-right"
        icon="chevron-right"
      >
        <svg
          data-icon="chevron-right"
          height={16}
          viewBox="0 0 16 16"
          width={16}
        >
          <desc>
            chevron-right
          </desc>
          <path
            d="M10.71 7.29l-4-4a1.003 1.003 0 0 0-1.42 1.42L8.59 8 5.3 11.29c-.19.18-.3.43-.3.71a1.003 1.003 0 0 0 1.71.71l4-4c.18-.18.29-.43.29-.71 0-.28-.11-.53-.29-.71z"
            fillRule="evenodd"
          />
        </svg>
      </span>
    </button>
    <button
      className="bp3-button bp3-minimal"
      onClick={[Function]}
      onKeyDown={[Function]}
      onKeyUp={[Function]}
      type="button"
    >
      <span
        className="bp3-icon bp3-icon-double-chevron-right"
        icon="double-chevron-right"
      >
        <svg
          data-icon="double-chevron-right"
          height={16}
          viewBox="0 0 16 16"
          width={16}
        >
          <desc>
            double-chevron-right
          </desc>
          <path
            d="M9 8c0-.28-.11-.53-.29-.71l-4-4a1.003 1.003 0 0 0-1.42 1.42L6.59 8 3.3 11.29c-.19.18-.3.43-.3.71a1.003 1.003 0 0 0 1.71.71l4-4C8.89 8.53 9 8.28 9 8zm4.71-.71l-4-4a1.003 1.003 0 0 0-1.42 1.42L11.59 8 8.3 11.29c-.19.18-.3.43-.3.71a1.003 1.003 0 0 0 1.71.71l4-4c.18-.18.29-.43.29-.71 0-.28-.11-.53-.29-.71z"
            fillRule="evenodd"
          />
        </svg>
      </span>
    </button>
  </div>
</div>
`;

exports[`render correctly in 2 of 2 pages 1`] = `
<div
  className="row center-xs"
>
  <div
    className="bitfinex-pagination-group col-xs-12 col-sm-6"
  >
    <button
      className="bp3-button bp3-disabled bp3-minimal"
      disabled={true}
      onKeyDown={[Function]}
      onKeyUp={[Function]}
      tabIndex={-1}
      type="button"
    >
      <span
        className="bp3-icon bp3-icon-double-chevron-left"
        icon="double-chevron-left"
      >
        <svg
          data-icon="double-chevron-left"
          height={16}
          viewBox="0 0 16 16"
          width={16}
        >
          <desc>
            double-chevron-left
          </desc>
          <path
            d="M4.41 8L7.7 4.71c.19-.18.3-.43.3-.71a1.003 1.003 0 0 0-1.71-.71l-4 4C2.11 7.47 2 7.72 2 8c0 .28.11.53.29.71l4 4a1.003 1.003 0 0 0 1.42-1.42L4.41 8zm5 0l3.29-3.29c.19-.18.3-.43.3-.71a1.003 1.003 0 0 0-1.71-.71l-4 4C7.11 7.47 7 7.72 7 8c0 .28.11.53.29.71l4 4a1.003 1.003 0 0 0 1.42-1.42L9.41 8z"
            fillRule="evenodd"
          />
        </svg>
      </span>
    </button>
    <button
      className="bp3-button bp3-minimal"
      onClick={[Function]}
      onKeyDown={[Function]}
      onKeyUp={[Function]}
      type="button"
    >
      <span
        className="bp3-icon bp3-icon-chevron-left"
        icon="chevron-left"
      >
        <svg
          data-icon="chevron-left"
          height={16}
          viewBox="0 0 16 16"
          width={16}
        >
          <desc>
            chevron-left
          </desc>
          <path
            d="M7.41 8l3.29-3.29c.19-.18.3-.43.3-.71a1.003 1.003 0 0 0-1.71-.71l-4 4C5.11 7.47 5 7.72 5 8c0 .28.11.53.29.71l4 4a1.003 1.003 0 0 0 1.42-1.42L7.41 8z"
            fillRule="evenodd"
          />
        </svg>
      </span>
    </button>
    pagination.page
    <input
      className="bitfinex-page-input"
      data-pagelen={2}
      disabled={false}
      onKeyPress={[Function]}
      placeholder={2}
    />
    pagination.of
     
    2
    
    <button
      className="bp3-button bp3-disabled bp3-minimal"
      disabled={true}
      onKeyDown={[Function]}
      onKeyUp={[Function]}
      tabIndex={-1}
      type="button"
    >
      <span
        className="bp3-icon bp3-icon-chevron-right"
        icon="chevron-right"
      >
        <svg
          data-icon="chevron-right"
          height={16}
          viewBox="0 0 16 16"
          width={16}
        >
          <desc>
            chevron-right
          </desc>
          <path
            d="M10.71 7.29l-4-4a1.003 1.003 0 0 0-1.42 1.42L8.59 8 5.3 11.29c-.19.18-.3.43-.3.71a1.003 1.003 0 0 0 1.71.71l4-4c.18-.18.29-.43.29-.71 0-.28-.11-.53-.29-.71z"
            fillRule="evenodd"
          />
        </svg>
      </span>
    </button>
    <button
      className="bp3-button bp3-disabled bp3-minimal"
      disabled={true}
      onKeyDown={[Function]}
      onKeyUp={[Function]}
      tabIndex={-1}
      type="button"
    >
      <span
        className="bp3-icon bp3-icon-double-chevron-right"
        icon="double-chevron-right"
      >
        <svg
          data-icon="double-chevron-right"
          height={16}
          viewBox="0 0 16 16"
          width={16}
        >
          <desc>
            double-chevron-right
          </desc>
          <path
            d="M9 8c0-.28-.11-.53-.29-.71l-4-4a1.003 1.003 0 0 0-1.42 1.42L6.59 8 3.3 11.29c-.19.18-.3.43-.3.71a1.003 1.003 0 0 0 1.71.71l4-4C8.89 8.53 9 8.28 9 8zm4.71-.71l-4-4a1.003 1.003 0 0 0-1.42 1.42L11.59 8 8.3 11.29c-.19.18-.3.43-.3.71a1.003 1.003 0 0 0 1.71.71l4-4c.18-.18.29-.43.29-.71 0-.28-.11-.53-.29-.71z"
            fillRule="evenodd"
          />
        </svg>
      </span>
    </button>
  </div>
</div>
`;

exports[`render correctly in 3 of 4 pages 1`] = `
<div
  className="row center-xs"
>
  <div
    className="bitfinex-pagination-group col-xs-12 col-sm-6"
  >
    <button
      className="bp3-button bp3-disabled bp3-minimal"
      disabled={true}
      onKeyDown={[Function]}
      onKeyUp={[Function]}
      tabIndex={-1}
      type="button"
    >
      <span
        className="bp3-icon bp3-icon-double-chevron-left"
        icon="double-chevron-left"
      >
        <svg
          data-icon="double-chevron-left"
          height={16}
          viewBox="0 0 16 16"
          width={16}
        >
          <desc>
            double-chevron-left
          </desc>
          <path
            d="M4.41 8L7.7 4.71c.19-.18.3-.43.3-.71a1.003 1.003 0 0 0-1.71-.71l-4 4C2.11 7.47 2 7.72 2 8c0 .28.11.53.29.71l4 4a1.003 1.003 0 0 0 1.42-1.42L4.41 8zm5 0l3.29-3.29c.19-.18.3-.43.3-.71a1.003 1.003 0 0 0-1.71-.71l-4 4C7.11 7.47 7 7.72 7 8c0 .28.11.53.29.71l4 4a1.003 1.003 0 0 0 1.42-1.42L9.41 8z"
            fillRule="evenodd"
          />
        </svg>
      </span>
    </button>
    <button
      className="bp3-button bp3-minimal"
      onClick={[Function]}
      onKeyDown={[Function]}
      onKeyUp={[Function]}
      type="button"
    >
      <span
        className="bp3-icon bp3-icon-chevron-left"
        icon="chevron-left"
      >
        <svg
          data-icon="chevron-left"
          height={16}
          viewBox="0 0 16 16"
          width={16}
        >
          <desc>
            chevron-left
          </desc>
          <path
            d="M7.41 8l3.29-3.29c.19-.18.3-.43.3-.71a1.003 1.003 0 0 0-1.71-.71l-4 4C5.11 7.47 5 7.72 5 8c0 .28.11.53.29.71l4 4a1.003 1.003 0 0 0 1.42-1.42L7.41 8z"
            fillRule="evenodd"
          />
        </svg>
      </span>
    </button>
    pagination.page
    <input
      className="bitfinex-page-input"
      data-pagelen={4}
      disabled={false}
      onKeyPress={[Function]}
      placeholder={3}
    />
    pagination.of
     
    4
    
    <button
      className="bp3-button bp3-minimal"
      onClick={[Function]}
      onKeyDown={[Function]}
      onKeyUp={[Function]}
      type="button"
    >
      <span
        className="bp3-icon bp3-icon-chevron-right"
        icon="chevron-right"
      >
        <svg
          data-icon="chevron-right"
          height={16}
          viewBox="0 0 16 16"
          width={16}
        >
          <desc>
            chevron-right
          </desc>
          <path
            d="M10.71 7.29l-4-4a1.003 1.003 0 0 0-1.42 1.42L8.59 8 5.3 11.29c-.19.18-.3.43-.3.71a1.003 1.003 0 0 0 1.71.71l4-4c.18-.18.29-.43.29-.71 0-.28-.11-.53-.29-.71z"
            fillRule="evenodd"
          />
        </svg>
      </span>
    </button>
    <button
      className="bp3-button bp3-disabled bp3-minimal"
      disabled={true}
      onKeyDown={[Function]}
      onKeyUp={[Function]}
      tabIndex={-1}
      type="button"
    >
      <span
        className="bp3-icon bp3-icon-double-chevron-right"
        icon="double-chevron-right"
      >
        <svg
          data-icon="double-chevron-right"
          height={16}
          viewBox="0 0 16 16"
          width={16}
        >
          <desc>
            double-chevron-right
          </desc>
          <path
            d="M9 8c0-.28-.11-.53-.29-.71l-4-4a1.003 1.003 0 0 0-1.42 1.42L6.59 8 3.3 11.29c-.19.18-.3.43-.3.71a1.003 1.003 0 0 0 1.71.71l4-4C8.89 8.53 9 8.28 9 8zm4.71-.71l-4-4a1.003 1.003 0 0 0-1.42 1.42L11.59 8 8.3 11.29c-.19.18-.3.43-.3.71a1.003 1.003 0 0 0 1.71.71l4-4c.18-.18.29-.43.29-.71 0-.28-.11-.53-.29-.71z"
            fillRule="evenodd"
          />
        </svg>
      </span>
    </button>
  </div>
</div>
`;

exports[`render correctly in 4 of 4 pages 1`] = `
<div
  className="row center-xs"
>
  <div
    className="bitfinex-pagination-group col-xs-12 col-sm-6"
  >
    <button
      className="bp3-button bp3-disabled bp3-minimal"
      disabled={true}
      onKeyDown={[Function]}
      onKeyUp={[Function]}
      tabIndex={-1}
      type="button"
    >
      <span
        className="bp3-icon bp3-icon-double-chevron-left"
        icon="double-chevron-left"
      >
        <svg
          data-icon="double-chevron-left"
          height={16}
          viewBox="0 0 16 16"
          width={16}
        >
          <desc>
            double-chevron-left
          </desc>
          <path
            d="M4.41 8L7.7 4.71c.19-.18.3-.43.3-.71a1.003 1.003 0 0 0-1.71-.71l-4 4C2.11 7.47 2 7.72 2 8c0 .28.11.53.29.71l4 4a1.003 1.003 0 0 0 1.42-1.42L4.41 8zm5 0l3.29-3.29c.19-.18.3-.43.3-.71a1.003 1.003 0 0 0-1.71-.71l-4 4C7.11 7.47 7 7.72 7 8c0 .28.11.53.29.71l4 4a1.003 1.003 0 0 0 1.42-1.42L9.41 8z"
            fillRule="evenodd"
          />
        </svg>
      </span>
    </button>
    <button
      className="bp3-button bp3-minimal"
      onClick={[Function]}
      onKeyDown={[Function]}
      onKeyUp={[Function]}
      type="button"
    >
      <span
        className="bp3-icon bp3-icon-chevron-left"
        icon="chevron-left"
      >
        <svg
          data-icon="chevron-left"
          height={16}
          viewBox="0 0 16 16"
          width={16}
        >
          <desc>
            chevron-left
          </desc>
          <path
            d="M7.41 8l3.29-3.29c.19-.18.3-.43.3-.71a1.003 1.003 0 0 0-1.71-.71l-4 4C5.11 7.47 5 7.72 5 8c0 .28.11.53.29.71l4 4a1.003 1.003 0 0 0 1.42-1.42L7.41 8z"
            fillRule="evenodd"
          />
        </svg>
      </span>
    </button>
    pagination.page
    <input
      className="bitfinex-page-input"
      data-pagelen={4}
      disabled={false}
      onKeyPress={[Function]}
      placeholder={4}
    />
    pagination.of
     
    4
    
    <button
      className="bp3-button bp3-disabled bp3-minimal"
      disabled={true}
      onKeyDown={[Function]}
      onKeyUp={[Function]}
      tabIndex={-1}
      type="button"
    >
      <span
        className="bp3-icon bp3-icon-chevron-right"
        icon="chevron-right"
      >
        <svg
          data-icon="chevron-right"
          height={16}
          viewBox="0 0 16 16"
          width={16}
        >
          <desc>
            chevron-right
          </desc>
          <path
            d="M10.71 7.29l-4-4a1.003 1.003 0 0 0-1.42 1.42L8.59 8 5.3 11.29c-.19.18-.3.43-.3.71a1.003 1.003 0 0 0 1.71.71l4-4c.18-.18.29-.43.29-.71 0-.28-.11-.53-.29-.71z"
            fillRule="evenodd"
          />
        </svg>
      </span>
    </button>
    <button
      className="bp3-button bp3-disabled bp3-minimal"
      disabled={true}
      onKeyDown={[Function]}
      onKeyUp={[Function]}
      tabIndex={-1}
      type="button"
    >
      <span
        className="bp3-icon bp3-icon-double-chevron-right"
        icon="double-chevron-right"
      >
        <svg
          data-icon="double-chevron-right"
          height={16}
          viewBox="0 0 16 16"
          width={16}
        >
          <desc>
            double-chevron-right
          </desc>
          <path
            d="M9 8c0-.28-.11-.53-.29-.71l-4-4a1.003 1.003 0 0 0-1.42 1.42L6.59 8 3.3 11.29c-.19.18-.3.43-.3.71a1.003 1.003 0 0 0 1.71.71l4-4C8.89 8.53 9 8.28 9 8zm4.71-.71l-4-4a1.003 1.003 0 0 0-1.42 1.42L11.59 8 8.3 11.29c-.19.18-.3.43-.3.71a1.003 1.003 0 0 0 1.71.71l4-4c.18-.18.29-.43.29-.71 0-.28-.11-.53-.29-.71z"
            fillRule="evenodd"
          />
        </svg>
      </span>
    </button>
  </div>
</div>
`;

exports[`render correctly in 5 of 5 pages 1`] = `
<div
  className="row center-xs"
>
  <div
    className="bitfinex-pagination-group col-xs-12 col-sm-6"
  >
    <button
      className="bp3-button bp3-minimal"
      onClick={[Function]}
      onKeyDown={[Function]}
      onKeyUp={[Function]}
      type="button"
    >
      <span
        className="bp3-icon bp3-icon-double-chevron-left"
        icon="double-chevron-left"
      >
        <svg
          data-icon="double-chevron-left"
          height={16}
          viewBox="0 0 16 16"
          width={16}
        >
          <desc>
            double-chevron-left
          </desc>
          <path
            d="M4.41 8L7.7 4.71c.19-.18.3-.43.3-.71a1.003 1.003 0 0 0-1.71-.71l-4 4C2.11 7.47 2 7.72 2 8c0 .28.11.53.29.71l4 4a1.003 1.003 0 0 0 1.42-1.42L4.41 8zm5 0l3.29-3.29c.19-.18.3-.43.3-.71a1.003 1.003 0 0 0-1.71-.71l-4 4C7.11 7.47 7 7.72 7 8c0 .28.11.53.29.71l4 4a1.003 1.003 0 0 0 1.42-1.42L9.41 8z"
            fillRule="evenodd"
          />
        </svg>
      </span>
    </button>
    <button
      className="bp3-button bp3-minimal"
      onClick={[Function]}
      onKeyDown={[Function]}
      onKeyUp={[Function]}
      type="button"
    >
      <span
        className="bp3-icon bp3-icon-chevron-left"
        icon="chevron-left"
      >
        <svg
          data-icon="chevron-left"
          height={16}
          viewBox="0 0 16 16"
          width={16}
        >
          <desc>
            chevron-left
          </desc>
          <path
            d="M7.41 8l3.29-3.29c.19-.18.3-.43.3-.71a1.003 1.003 0 0 0-1.71-.71l-4 4C5.11 7.47 5 7.72 5 8c0 .28.11.53.29.71l4 4a1.003 1.003 0 0 0 1.42-1.42L7.41 8z"
            fillRule="evenodd"
          />
        </svg>
      </span>
    </button>
    pagination.page
    <input
      className="bitfinex-page-input"
      data-pagelen={5}
      disabled={false}
      onKeyPress={[Function]}
      placeholder={5}
    />
    pagination.of
     
    5
    
    <button
      className="bp3-button bp3-disabled bp3-minimal"
      disabled={true}
      onKeyDown={[Function]}
      onKeyUp={[Function]}
      tabIndex={-1}
      type="button"
    >
      <span
        className="bp3-icon bp3-icon-chevron-right"
        icon="chevron-right"
      >
        <svg
          data-icon="chevron-right"
          height={16}
          viewBox="0 0 16 16"
          width={16}
        >
          <desc>
            chevron-right
          </desc>
          <path
            d="M10.71 7.29l-4-4a1.003 1.003 0 0 0-1.42 1.42L8.59 8 5.3 11.29c-.19.18-.3.43-.3.71a1.003 1.003 0 0 0 1.71.71l4-4c.18-.18.29-.43.29-.71 0-.28-.11-.53-.29-.71z"
            fillRule="evenodd"
          />
        </svg>
      </span>
    </button>
    <button
      className="bp3-button bp3-disabled bp3-minimal"
      disabled={true}
      onKeyDown={[Function]}
      onKeyUp={[Function]}
      tabIndex={-1}
      type="button"
    >
      <span
        className="bp3-icon bp3-icon-double-chevron-right"
        icon="double-chevron-right"
      >
        <svg
          data-icon="double-chevron-right"
          height={16}
          viewBox="0 0 16 16"
          width={16}
        >
          <desc>
            double-chevron-right
          </desc>
          <path
            d="M9 8c0-.28-.11-.53-.29-.71l-4-4a1.003 1.003 0 0 0-1.42 1.42L6.59 8 3.3 11.29c-.19.18-.3.43-.3.71a1.003 1.003 0 0 0 1.71.71l4-4C8.89 8.53 9 8.28 9 8zm4.71-.71l-4-4a1.003 1.003 0 0 0-1.42 1.42L11.59 8 8.3 11.29c-.19.18-.3.43-.3.71a1.003 1.003 0 0 0 1.71.71l4-4c.18-.18.29-.43.29-.71 0-.28-.11-.53-.29-.71z"
            fillRule="evenodd"
          />
        </svg>
      </span>
    </button>
  </div>
</div>
`;

exports[`render correctly in 5 of 7 pages 1`] = `
<div
  className="row center-xs"
>
  <div
    className="bitfinex-pagination-group col-xs-12 col-sm-6"
  >
    <button
      className="bp3-button bp3-minimal"
      onClick={[Function]}
      onKeyDown={[Function]}
      onKeyUp={[Function]}
      type="button"
    >
      <span
        className="bp3-icon bp3-icon-double-chevron-left"
        icon="double-chevron-left"
      >
        <svg
          data-icon="double-chevron-left"
          height={16}
          viewBox="0 0 16 16"
          width={16}
        >
          <desc>
            double-chevron-left
          </desc>
          <path
            d="M4.41 8L7.7 4.71c.19-.18.3-.43.3-.71a1.003 1.003 0 0 0-1.71-.71l-4 4C2.11 7.47 2 7.72 2 8c0 .28.11.53.29.71l4 4a1.003 1.003 0 0 0 1.42-1.42L4.41 8zm5 0l3.29-3.29c.19-.18.3-.43.3-.71a1.003 1.003 0 0 0-1.71-.71l-4 4C7.11 7.47 7 7.72 7 8c0 .28.11.53.29.71l4 4a1.003 1.003 0 0 0 1.42-1.42L9.41 8z"
            fillRule="evenodd"
          />
        </svg>
      </span>
    </button>
    <button
      className="bp3-button bp3-minimal"
      onClick={[Function]}
      onKeyDown={[Function]}
      onKeyUp={[Function]}
      type="button"
    >
      <span
        className="bp3-icon bp3-icon-chevron-left"
        icon="chevron-left"
      >
        <svg
          data-icon="chevron-left"
          height={16}
          viewBox="0 0 16 16"
          width={16}
        >
          <desc>
            chevron-left
          </desc>
          <path
            d="M7.41 8l3.29-3.29c.19-.18.3-.43.3-.71a1.003 1.003 0 0 0-1.71-.71l-4 4C5.11 7.47 5 7.72 5 8c0 .28.11.53.29.71l4 4a1.003 1.003 0 0 0 1.42-1.42L7.41 8z"
            fillRule="evenodd"
          />
        </svg>
      </span>
    </button>
    pagination.page
    <input
      className="bitfinex-page-input"
      data-pagelen={7}
      disabled={false}
      onKeyPress={[Function]}
      placeholder={5}
    />
    pagination.of
     
    7
    
    <button
      className="bp3-button bp3-minimal"
      onClick={[Function]}
      onKeyDown={[Function]}
      onKeyUp={[Function]}
      type="button"
    >
      <span
        className="bp3-icon bp3-icon-chevron-right"
        icon="chevron-right"
      >
        <svg
          data-icon="chevron-right"
          height={16}
          viewBox="0 0 16 16"
          width={16}
        >
          <desc>
            chevron-right
          </desc>
          <path
            d="M10.71 7.29l-4-4a1.003 1.003 0 0 0-1.42 1.42L8.59 8 5.3 11.29c-.19.18-.3.43-.3.71a1.003 1.003 0 0 0 1.71.71l4-4c.18-.18.29-.43.29-.71 0-.28-.11-.53-.29-.71z"
            fillRule="evenodd"
          />
        </svg>
      </span>
    </button>
    <button
      className="bp3-button bp3-disabled bp3-minimal"
      disabled={true}
      onKeyDown={[Function]}
      onKeyUp={[Function]}
      tabIndex={-1}
      type="button"
    >
      <span
        className="bp3-icon bp3-icon-double-chevron-right"
        icon="double-chevron-right"
      >
        <svg
          data-icon="double-chevron-right"
          height={16}
          viewBox="0 0 16 16"
          width={16}
        >
          <desc>
            double-chevron-right
          </desc>
          <path
            d="M9 8c0-.28-.11-.53-.29-.71l-4-4a1.003 1.003 0 0 0-1.42 1.42L6.59 8 3.3 11.29c-.19.18-.3.43-.3.71a1.003 1.003 0 0 0 1.71.71l4-4C8.89 8.53 9 8.28 9 8zm4.71-.71l-4-4a1.003 1.003 0 0 0-1.42 1.42L11.59 8 8.3 11.29c-.19.18-.3.43-.3.71a1.003 1.003 0 0 0 1.71.71l4-4c.18-.18.29-.43.29-.71 0-.28-.11-.53-.29-.71z"
            fillRule="evenodd"
          />
        </svg>
      </span>
    </button>
  </div>
</div>
`;

exports[`render correctly in 5 of 8 pages 1`] = `
<div
  className="row center-xs"
>
  <div
    className="bitfinex-pagination-group col-xs-12 col-sm-6"
  >
    <button
      className="bp3-button bp3-minimal"
      onClick={[Function]}
      onKeyDown={[Function]}
      onKeyUp={[Function]}
      type="button"
    >
      <span
        className="bp3-icon bp3-icon-double-chevron-left"
        icon="double-chevron-left"
      >
        <svg
          data-icon="double-chevron-left"
          height={16}
          viewBox="0 0 16 16"
          width={16}
        >
          <desc>
            double-chevron-left
          </desc>
          <path
            d="M4.41 8L7.7 4.71c.19-.18.3-.43.3-.71a1.003 1.003 0 0 0-1.71-.71l-4 4C2.11 7.47 2 7.72 2 8c0 .28.11.53.29.71l4 4a1.003 1.003 0 0 0 1.42-1.42L4.41 8zm5 0l3.29-3.29c.19-.18.3-.43.3-.71a1.003 1.003 0 0 0-1.71-.71l-4 4C7.11 7.47 7 7.72 7 8c0 .28.11.53.29.71l4 4a1.003 1.003 0 0 0 1.42-1.42L9.41 8z"
            fillRule="evenodd"
          />
        </svg>
      </span>
    </button>
    <button
      className="bp3-button bp3-minimal"
      onClick={[Function]}
      onKeyDown={[Function]}
      onKeyUp={[Function]}
      type="button"
    >
      <span
        className="bp3-icon bp3-icon-chevron-left"
        icon="chevron-left"
      >
        <svg
          data-icon="chevron-left"
          height={16}
          viewBox="0 0 16 16"
          width={16}
        >
          <desc>
            chevron-left
          </desc>
          <path
            d="M7.41 8l3.29-3.29c.19-.18.3-.43.3-.71a1.003 1.003 0 0 0-1.71-.71l-4 4C5.11 7.47 5 7.72 5 8c0 .28.11.53.29.71l4 4a1.003 1.003 0 0 0 1.42-1.42L7.41 8z"
            fillRule="evenodd"
          />
        </svg>
      </span>
    </button>
    pagination.page
    <input
      className="bitfinex-page-input"
      data-pagelen={8}
      disabled={false}
      onKeyPress={[Function]}
      placeholder={5}
    />
    pagination.of
     
    8
    <span>
      +
    </span>
     
    <button
      className="bp3-button bp3-minimal"
      onClick={[Function]}
      onKeyDown={[Function]}
      onKeyUp={[Function]}
      type="button"
    >
      <span
        className="bp3-icon bp3-icon-chevron-right"
        icon="chevron-right"
      >
        <svg
          data-icon="chevron-right"
          height={16}
          viewBox="0 0 16 16"
          width={16}
        >
          <desc>
            chevron-right
          </desc>
          <path
            d="M10.71 7.29l-4-4a1.003 1.003 0 0 0-1.42 1.42L8.59 8 5.3 11.29c-.19.18-.3.43-.3.71a1.003 1.003 0 0 0 1.71.71l4-4c.18-.18.29-.43.29-.71 0-.28-.11-.53-.29-.71z"
            fillRule="evenodd"
          />
        </svg>
      </span>
    </button>
    <button
      className="bp3-button bp3-minimal"
      onClick={[Function]}
      onKeyDown={[Function]}
      onKeyUp={[Function]}
      type="button"
    >
      <span
        className="bp3-icon bp3-icon-double-chevron-right"
        icon="double-chevron-right"
      >
        <svg
          data-icon="double-chevron-right"
          height={16}
          viewBox="0 0 16 16"
          width={16}
        >
          <desc>
            double-chevron-right
          </desc>
          <path
            d="M9 8c0-.28-.11-.53-.29-.71l-4-4a1.003 1.003 0 0 0-1.42 1.42L6.59 8 3.3 11.29c-.19.18-.3.43-.3.71a1.003 1.003 0 0 0 1.71.71l4-4C8.89 8.53 9 8.28 9 8zm4.71-.71l-4-4a1.003 1.003 0 0 0-1.42 1.42L11.59 8 8.3 11.29c-.19.18-.3.43-.3.71a1.003 1.003 0 0 0 1.71.71l4-4c.18-.18.29-.43.29-.71 0-.28-.11-.53-.29-.71z"
            fillRule="evenodd"
          />
        </svg>
      </span>
    </button>
  </div>
</div>
`;

exports[`render correctly in 6 of 7 pages 1`] = `
<div
  className="row center-xs"
>
  <div
    className="bitfinex-pagination-group col-xs-12 col-sm-6"
  >
    <button
      className="bp3-button bp3-minimal"
      onClick={[Function]}
      onKeyDown={[Function]}
      onKeyUp={[Function]}
      type="button"
    >
      <span
        className="bp3-icon bp3-icon-double-chevron-left"
        icon="double-chevron-left"
      >
        <svg
          data-icon="double-chevron-left"
          height={16}
          viewBox="0 0 16 16"
          width={16}
        >
          <desc>
            double-chevron-left
          </desc>
          <path
            d="M4.41 8L7.7 4.71c.19-.18.3-.43.3-.71a1.003 1.003 0 0 0-1.71-.71l-4 4C2.11 7.47 2 7.72 2 8c0 .28.11.53.29.71l4 4a1.003 1.003 0 0 0 1.42-1.42L4.41 8zm5 0l3.29-3.29c.19-.18.3-.43.3-.71a1.003 1.003 0 0 0-1.71-.71l-4 4C7.11 7.47 7 7.72 7 8c0 .28.11.53.29.71l4 4a1.003 1.003 0 0 0 1.42-1.42L9.41 8z"
            fillRule="evenodd"
          />
        </svg>
      </span>
    </button>
    <button
      className="bp3-button bp3-minimal"
      onClick={[Function]}
      onKeyDown={[Function]}
      onKeyUp={[Function]}
      type="button"
    >
      <span
        className="bp3-icon bp3-icon-chevron-left"
        icon="chevron-left"
      >
        <svg
          data-icon="chevron-left"
          height={16}
          viewBox="0 0 16 16"
          width={16}
        >
          <desc>
            chevron-left
          </desc>
          <path
            d="M7.41 8l3.29-3.29c.19-.18.3-.43.3-.71a1.003 1.003 0 0 0-1.71-.71l-4 4C5.11 7.47 5 7.72 5 8c0 .28.11.53.29.71l4 4a1.003 1.003 0 0 0 1.42-1.42L7.41 8z"
            fillRule="evenodd"
          />
        </svg>
      </span>
    </button>
    pagination.page
    <input
      className="bitfinex-page-input"
      data-pagelen={7}
      disabled={false}
      onKeyPress={[Function]}
      placeholder={6}
    />
    pagination.of
     
    7
    
    <button
      className="bp3-button bp3-minimal"
      onClick={[Function]}
      onKeyDown={[Function]}
      onKeyUp={[Function]}
      type="button"
    >
      <span
        className="bp3-icon bp3-icon-chevron-right"
        icon="chevron-right"
      >
        <svg
          data-icon="chevron-right"
          height={16}
          viewBox="0 0 16 16"
          width={16}
        >
          <desc>
            chevron-right
          </desc>
          <path
            d="M10.71 7.29l-4-4a1.003 1.003 0 0 0-1.42 1.42L8.59 8 5.3 11.29c-.19.18-.3.43-.3.71a1.003 1.003 0 0 0 1.71.71l4-4c.18-.18.29-.43.29-.71 0-.28-.11-.53-.29-.71z"
            fillRule="evenodd"
          />
        </svg>
      </span>
    </button>
    <button
      className="bp3-button bp3-disabled bp3-minimal"
      disabled={true}
      onKeyDown={[Function]}
      onKeyUp={[Function]}
      tabIndex={-1}
      type="button"
    >
      <span
        className="bp3-icon bp3-icon-double-chevron-right"
        icon="double-chevron-right"
      >
        <svg
          data-icon="double-chevron-right"
          height={16}
          viewBox="0 0 16 16"
          width={16}
        >
          <desc>
            double-chevron-right
          </desc>
          <path
            d="M9 8c0-.28-.11-.53-.29-.71l-4-4a1.003 1.003 0 0 0-1.42 1.42L6.59 8 3.3 11.29c-.19.18-.3.43-.3.71a1.003 1.003 0 0 0 1.71.71l4-4C8.89 8.53 9 8.28 9 8zm4.71-.71l-4-4a1.003 1.003 0 0 0-1.42 1.42L11.59 8 8.3 11.29c-.19.18-.3.43-.3.71a1.003 1.003 0 0 0 1.71.71l4-4c.18-.18.29-.43.29-.71 0-.28-.11-.53-.29-.71z"
            fillRule="evenodd"
          />
        </svg>
      </span>
    </button>
  </div>
</div>
`;

exports[`render correctly in 9 of 9 pages 1`] = `
<div
  className="row center-xs"
>
  <div
    className="bitfinex-pagination-group col-xs-12 col-sm-6"
  >
    <button
      className="bp3-button bp3-minimal"
      onClick={[Function]}
      onKeyDown={[Function]}
      onKeyUp={[Function]}
      type="button"
    >
      <span
        className="bp3-icon bp3-icon-double-chevron-left"
        icon="double-chevron-left"
      >
        <svg
          data-icon="double-chevron-left"
          height={16}
          viewBox="0 0 16 16"
          width={16}
        >
          <desc>
            double-chevron-left
          </desc>
          <path
            d="M4.41 8L7.7 4.71c.19-.18.3-.43.3-.71a1.003 1.003 0 0 0-1.71-.71l-4 4C2.11 7.47 2 7.72 2 8c0 .28.11.53.29.71l4 4a1.003 1.003 0 0 0 1.42-1.42L4.41 8zm5 0l3.29-3.29c.19-.18.3-.43.3-.71a1.003 1.003 0 0 0-1.71-.71l-4 4C7.11 7.47 7 7.72 7 8c0 .28.11.53.29.71l4 4a1.003 1.003 0 0 0 1.42-1.42L9.41 8z"
            fillRule="evenodd"
          />
        </svg>
      </span>
    </button>
    <button
      className="bp3-button bp3-minimal"
      onClick={[Function]}
      onKeyDown={[Function]}
      onKeyUp={[Function]}
      type="button"
    >
      <span
        className="bp3-icon bp3-icon-chevron-left"
        icon="chevron-left"
      >
        <svg
          data-icon="chevron-left"
          height={16}
          viewBox="0 0 16 16"
          width={16}
        >
          <desc>
            chevron-left
          </desc>
          <path
            d="M7.41 8l3.29-3.29c.19-.18.3-.43.3-.71a1.003 1.003 0 0 0-1.71-.71l-4 4C5.11 7.47 5 7.72 5 8c0 .28.11.53.29.71l4 4a1.003 1.003 0 0 0 1.42-1.42L7.41 8z"
            fillRule="evenodd"
          />
        </svg>
      </span>
    </button>
    pagination.page
    <input
      className="bitfinex-page-input"
      data-pagelen={9}
      disabled={false}
      onKeyPress={[Function]}
      placeholder={9}
    />
    pagination.of
     
    9
    
    <button
      className="bp3-button bp3-disabled bp3-minimal"
      disabled={true}
      onKeyDown={[Function]}
      onKeyUp={[Function]}
      tabIndex={-1}
      type="button"
    >
      <span
        className="bp3-icon bp3-icon-chevron-right"
        icon="chevron-right"
      >
        <svg
          data-icon="chevron-right"
          height={16}
          viewBox="0 0 16 16"
          width={16}
        >
          <desc>
            chevron-right
          </desc>
          <path
            d="M10.71 7.29l-4-4a1.003 1.003 0 0 0-1.42 1.42L8.59 8 5.3 11.29c-.19.18-.3.43-.3.71a1.003 1.003 0 0 0 1.71.71l4-4c.18-.18.29-.43.29-.71 0-.28-.11-.53-.29-.71z"
            fillRule="evenodd"
          />
        </svg>
      </span>
    </button>
    <button
      className="bp3-button bp3-disabled bp3-minimal"
      disabled={true}
      onKeyDown={[Function]}
      onKeyUp={[Function]}
      tabIndex={-1}
      type="button"
    >
      <span
        className="bp3-icon bp3-icon-double-chevron-right"
        icon="double-chevron-right"
      >
        <svg
          data-icon="double-chevron-right"
          height={16}
          viewBox="0 0 16 16"
          width={16}
        >
          <desc>
            double-chevron-right
          </desc>
          <path
            d="M9 8c0-.28-.11-.53-.29-.71l-4-4a1.003 1.003 0 0 0-1.42 1.42L6.59 8 3.3 11.29c-.19.18-.3.43-.3.71a1.003 1.003 0 0 0 1.71.71l4-4C8.89 8.53 9 8.28 9 8zm4.71-.71l-4-4a1.003 1.003 0 0 0-1.42 1.42L11.59 8 8.3 11.29c-.19.18-.3.43-.3.71a1.003 1.003 0 0 0 1.71.71l4-4c.18-.18.29-.43.29-.71 0-.28-.11-.53-.29-.71z"
            fillRule="evenodd"
          />
        </svg>
      </span>
    </button>
  </div>
</div>
`;

exports[`render correctly with 1 entry 1`] = `
<div
  className="row center-xs"
>
  <div
    className="bitfinex-pagination-group col-xs-12 col-sm-6"
  >
    <button
      className="bp3-button bp3-disabled bp3-minimal"
      disabled={true}
      onKeyDown={[Function]}
      onKeyUp={[Function]}
      tabIndex={-1}
      type="button"
    >
      <span
        className="bp3-icon bp3-icon-double-chevron-left"
        icon="double-chevron-left"
      >
        <svg
          data-icon="double-chevron-left"
          height={16}
          viewBox="0 0 16 16"
          width={16}
        >
          <desc>
            double-chevron-left
          </desc>
          <path
            d="M4.41 8L7.7 4.71c.19-.18.3-.43.3-.71a1.003 1.003 0 0 0-1.71-.71l-4 4C2.11 7.47 2 7.72 2 8c0 .28.11.53.29.71l4 4a1.003 1.003 0 0 0 1.42-1.42L4.41 8zm5 0l3.29-3.29c.19-.18.3-.43.3-.71a1.003 1.003 0 0 0-1.71-.71l-4 4C7.11 7.47 7 7.72 7 8c0 .28.11.53.29.71l4 4a1.003 1.003 0 0 0 1.42-1.42L9.41 8z"
            fillRule="evenodd"
          />
        </svg>
      </span>
    </button>
    <button
      className="bp3-button bp3-disabled bp3-minimal"
      disabled={true}
      onKeyDown={[Function]}
      onKeyUp={[Function]}
      tabIndex={-1}
      type="button"
    >
      <span
        className="bp3-icon bp3-icon-chevron-left"
        icon="chevron-left"
      >
        <svg
          data-icon="chevron-left"
          height={16}
          viewBox="0 0 16 16"
          width={16}
        >
          <desc>
            chevron-left
          </desc>
          <path
            d="M7.41 8l3.29-3.29c.19-.18.3-.43.3-.71a1.003 1.003 0 0 0-1.71-.71l-4 4C5.11 7.47 5 7.72 5 8c0 .28.11.53.29.71l4 4a1.003 1.003 0 0 0 1.42-1.42L7.41 8z"
            fillRule="evenodd"
          />
        </svg>
      </span>
    </button>
    pagination.page
    <input
      className="bitfinex-page-input"
      data-pagelen={1}
      disabled={false}
      onKeyPress={[Function]}
      placeholder={1}
    />
    pagination.of
     
    1
    
    <button
      className="bp3-button bp3-disabled bp3-minimal"
      disabled={true}
      onKeyDown={[Function]}
      onKeyUp={[Function]}
      tabIndex={-1}
      type="button"
    >
      <span
        className="bp3-icon bp3-icon-chevron-right"
        icon="chevron-right"
      >
        <svg
          data-icon="chevron-right"
          height={16}
          viewBox="0 0 16 16"
          width={16}
        >
          <desc>
            chevron-right
          </desc>
          <path
            d="M10.71 7.29l-4-4a1.003 1.003 0 0 0-1.42 1.42L8.59 8 5.3 11.29c-.19.18-.3.43-.3.71a1.003 1.003 0 0 0 1.71.71l4-4c.18-.18.29-.43.29-.71 0-.28-.11-.53-.29-.71z"
            fillRule="evenodd"
          />
        </svg>
      </span>
    </button>
    <button
      className="bp3-button bp3-disabled bp3-minimal"
      disabled={true}
      onKeyDown={[Function]}
      onKeyUp={[Function]}
      tabIndex={-1}
      type="button"
    >
      <span
        className="bp3-icon bp3-icon-double-chevron-right"
        icon="double-chevron-right"
      >
        <svg
          data-icon="double-chevron-right"
          height={16}
          viewBox="0 0 16 16"
          width={16}
        >
          <desc>
            double-chevron-right
          </desc>
          <path
            d="M9 8c0-.28-.11-.53-.29-.71l-4-4a1.003 1.003 0 0 0-1.42 1.42L6.59 8 3.3 11.29c-.19.18-.3.43-.3.71a1.003 1.003 0 0 0 1.71.71l4-4C8.89 8.53 9 8.28 9 8zm4.71-.71l-4-4a1.003 1.003 0 0 0-1.42 1.42L11.59 8 8.3 11.29c-.19.18-.3.43-.3.71a1.003 1.003 0 0 0 1.71.71l4-4c.18-.18.29-.43.29-.71 0-.28-.11-.53-.29-.71z"
            fillRule="evenodd"
          />
        </svg>
      </span>
    </button>
  </div>
</div>
`;

exports[`render correctly with 35 entry 1`] = `
<div
  className="row center-xs"
>
  <div
    className="bitfinex-pagination-group col-xs-12 col-sm-6"
  >
    <button
      className="bp3-button bp3-disabled bp3-minimal"
      disabled={true}
      onKeyDown={[Function]}
      onKeyUp={[Function]}
      tabIndex={-1}
      type="button"
    >
      <span
        className="bp3-icon bp3-icon-double-chevron-left"
        icon="double-chevron-left"
      >
        <svg
          data-icon="double-chevron-left"
          height={16}
          viewBox="0 0 16 16"
          width={16}
        >
          <desc>
            double-chevron-left
          </desc>
          <path
            d="M4.41 8L7.7 4.71c.19-.18.3-.43.3-.71a1.003 1.003 0 0 0-1.71-.71l-4 4C2.11 7.47 2 7.72 2 8c0 .28.11.53.29.71l4 4a1.003 1.003 0 0 0 1.42-1.42L4.41 8zm5 0l3.29-3.29c.19-.18.3-.43.3-.71a1.003 1.003 0 0 0-1.71-.71l-4 4C7.11 7.47 7 7.72 7 8c0 .28.11.53.29.71l4 4a1.003 1.003 0 0 0 1.42-1.42L9.41 8z"
            fillRule="evenodd"
          />
        </svg>
      </span>
    </button>
    <button
      className="bp3-button bp3-disabled bp3-minimal"
      disabled={true}
      onKeyDown={[Function]}
      onKeyUp={[Function]}
      tabIndex={-1}
      type="button"
    >
      <span
        className="bp3-icon bp3-icon-chevron-left"
        icon="chevron-left"
      >
        <svg
          data-icon="chevron-left"
          height={16}
          viewBox="0 0 16 16"
          width={16}
        >
          <desc>
            chevron-left
          </desc>
          <path
            d="M7.41 8l3.29-3.29c.19-.18.3-.43.3-.71a1.003 1.003 0 0 0-1.71-.71l-4 4C5.11 7.47 5 7.72 5 8c0 .28.11.53.29.71l4 4a1.003 1.003 0 0 0 1.42-1.42L7.41 8z"
            fillRule="evenodd"
          />
        </svg>
      </span>
    </button>
    pagination.page
    <input
      className="bitfinex-page-input"
      data-pagelen={1}
      disabled={false}
      onKeyPress={[Function]}
      placeholder={1}
    />
    pagination.of
     
    1
    
    <button
      className="bp3-button bp3-disabled bp3-minimal"
      disabled={true}
      onKeyDown={[Function]}
      onKeyUp={[Function]}
      tabIndex={-1}
      type="button"
    >
      <span
        className="bp3-icon bp3-icon-chevron-right"
        icon="chevron-right"
      >
        <svg
          data-icon="chevron-right"
          height={16}
          viewBox="0 0 16 16"
          width={16}
        >
          <desc>
            chevron-right
          </desc>
          <path
            d="M10.71 7.29l-4-4a1.003 1.003 0 0 0-1.42 1.42L8.59 8 5.3 11.29c-.19.18-.3.43-.3.71a1.003 1.003 0 0 0 1.71.71l4-4c.18-.18.29-.43.29-.71 0-.28-.11-.53-.29-.71z"
            fillRule="evenodd"
          />
        </svg>
      </span>
    </button>
    <button
      className="bp3-button bp3-disabled bp3-minimal"
      disabled={true}
      onKeyDown={[Function]}
      onKeyUp={[Function]}
      tabIndex={-1}
      type="button"
    >
      <span
        className="bp3-icon bp3-icon-double-chevron-right"
        icon="double-chevron-right"
      >
        <svg
          data-icon="double-chevron-right"
          height={16}
          viewBox="0 0 16 16"
          width={16}
        >
          <desc>
            double-chevron-right
          </desc>
          <path
            d="M9 8c0-.28-.11-.53-.29-.71l-4-4a1.003 1.003 0 0 0-1.42 1.42L6.59 8 3.3 11.29c-.19.18-.3.43-.3.71a1.003 1.003 0 0 0 1.71.71l4-4C8.89 8.53 9 8.28 9 8zm4.71-.71l-4-4a1.003 1.003 0 0 0-1.42 1.42L11.59 8 8.3 11.29c-.19.18-.3.43-.3.71a1.003 1.003 0 0 0 1.71.71l4-4c.18-.18.29-.43.29-.71 0-.28-.11-.53-.29-.71z"
            fillRule="evenodd"
          />
        </svg>
      </span>
    </button>
  </div>
</div>
`;

exports[`render trades correctly in 1 of 1 pages 1`] = `
<div
  className="row center-xs"
>
  <div
    className="bitfinex-pagination-group col-xs-12 col-sm-6"
  >
    <button
      className="bp3-button bp3-disabled bp3-minimal"
      disabled={true}
      onKeyDown={[Function]}
      onKeyUp={[Function]}
      tabIndex={-1}
      type="button"
    >
      <span
        className="bp3-icon bp3-icon-double-chevron-left"
        icon="double-chevron-left"
      >
        <svg
          data-icon="double-chevron-left"
          height={16}
          viewBox="0 0 16 16"
          width={16}
        >
          <desc>
            double-chevron-left
          </desc>
          <path
            d="M4.41 8L7.7 4.71c.19-.18.3-.43.3-.71a1.003 1.003 0 0 0-1.71-.71l-4 4C2.11 7.47 2 7.72 2 8c0 .28.11.53.29.71l4 4a1.003 1.003 0 0 0 1.42-1.42L4.41 8zm5 0l3.29-3.29c.19-.18.3-.43.3-.71a1.003 1.003 0 0 0-1.71-.71l-4 4C7.11 7.47 7 7.72 7 8c0 .28.11.53.29.71l4 4a1.003 1.003 0 0 0 1.42-1.42L9.41 8z"
            fillRule="evenodd"
          />
        </svg>
      </span>
    </button>
    <button
      className="bp3-button bp3-disabled bp3-minimal"
      disabled={true}
      onKeyDown={[Function]}
      onKeyUp={[Function]}
      tabIndex={-1}
      type="button"
    >
      <span
        className="bp3-icon bp3-icon-chevron-left"
        icon="chevron-left"
      >
        <svg
          data-icon="chevron-left"
          height={16}
          viewBox="0 0 16 16"
          width={16}
        >
          <desc>
            chevron-left
          </desc>
          <path
            d="M7.41 8l3.29-3.29c.19-.18.3-.43.3-.71a1.003 1.003 0 0 0-1.71-.71l-4 4C5.11 7.47 5 7.72 5 8c0 .28.11.53.29.71l4 4a1.003 1.003 0 0 0 1.42-1.42L7.41 8z"
            fillRule="evenodd"
          />
        </svg>
      </span>
    </button>
    pagination.page
    <input
      className="bitfinex-page-input"
      data-pagelen={1}
      disabled={false}
      onKeyPress={[Function]}
      placeholder={1}
    />
    pagination.of
     
    1
    
    <button
      className="bp3-button bp3-disabled bp3-minimal"
      disabled={true}
      onKeyDown={[Function]}
      onKeyUp={[Function]}
      tabIndex={-1}
      type="button"
    >
      <span
        className="bp3-icon bp3-icon-chevron-right"
        icon="chevron-right"
      >
        <svg
          data-icon="chevron-right"
          height={16}
          viewBox="0 0 16 16"
          width={16}
        >
          <desc>
            chevron-right
          </desc>
          <path
            d="M10.71 7.29l-4-4a1.003 1.003 0 0 0-1.42 1.42L8.59 8 5.3 11.29c-.19.18-.3.43-.3.71a1.003 1.003 0 0 0 1.71.71l4-4c.18-.18.29-.43.29-.71 0-.28-.11-.53-.29-.71z"
            fillRule="evenodd"
          />
        </svg>
      </span>
    </button>
    <button
      className="bp3-button bp3-disabled bp3-minimal"
      disabled={true}
      onKeyDown={[Function]}
      onKeyUp={[Function]}
      tabIndex={-1}
      type="button"
    >
      <span
        className="bp3-icon bp3-icon-double-chevron-right"
        icon="double-chevron-right"
      >
        <svg
          data-icon="double-chevron-right"
          height={16}
          viewBox="0 0 16 16"
          width={16}
        >
          <desc>
            double-chevron-right
          </desc>
          <path
            d="M9 8c0-.28-.11-.53-.29-.71l-4-4a1.003 1.003 0 0 0-1.42 1.42L6.59 8 3.3 11.29c-.19.18-.3.43-.3.71a1.003 1.003 0 0 0 1.71.71l4-4C8.89 8.53 9 8.28 9 8zm4.71-.71l-4-4a1.003 1.003 0 0 0-1.42 1.42L11.59 8 8.3 11.29c-.19.18-.3.43-.3.71a1.003 1.003 0 0 0 1.71.71l4-4c.18-.18.29-.43.29-.71 0-.28-.11-.53-.29-.71z"
            fillRule="evenodd"
          />
        </svg>
      </span>
    </button>
    <div
      id="mockQueryLimitSelector"
    >
      QueryLimitSelector
    </div>
  </div>
</div>
`;

exports[`render trades correctly in 1 of 2 pages 1`] = `
<div
  className="row center-xs"
>
  <div
    className="bitfinex-pagination-group col-xs-12 col-sm-6"
  >
    <button
      className="bp3-button bp3-disabled bp3-minimal"
      disabled={true}
      onKeyDown={[Function]}
      onKeyUp={[Function]}
      tabIndex={-1}
      type="button"
    >
      <span
        className="bp3-icon bp3-icon-double-chevron-left"
        icon="double-chevron-left"
      >
        <svg
          data-icon="double-chevron-left"
          height={16}
          viewBox="0 0 16 16"
          width={16}
        >
          <desc>
            double-chevron-left
          </desc>
          <path
            d="M4.41 8L7.7 4.71c.19-.18.3-.43.3-.71a1.003 1.003 0 0 0-1.71-.71l-4 4C2.11 7.47 2 7.72 2 8c0 .28.11.53.29.71l4 4a1.003 1.003 0 0 0 1.42-1.42L4.41 8zm5 0l3.29-3.29c.19-.18.3-.43.3-.71a1.003 1.003 0 0 0-1.71-.71l-4 4C7.11 7.47 7 7.72 7 8c0 .28.11.53.29.71l4 4a1.003 1.003 0 0 0 1.42-1.42L9.41 8z"
            fillRule="evenodd"
          />
        </svg>
      </span>
    </button>
    <button
      className="bp3-button bp3-disabled bp3-minimal"
      disabled={true}
      onKeyDown={[Function]}
      onKeyUp={[Function]}
      tabIndex={-1}
      type="button"
    >
      <span
        className="bp3-icon bp3-icon-chevron-left"
        icon="chevron-left"
      >
        <svg
          data-icon="chevron-left"
          height={16}
          viewBox="0 0 16 16"
          width={16}
        >
          <desc>
            chevron-left
          </desc>
          <path
            d="M7.41 8l3.29-3.29c.19-.18.3-.43.3-.71a1.003 1.003 0 0 0-1.71-.71l-4 4C5.11 7.47 5 7.72 5 8c0 .28.11.53.29.71l4 4a1.003 1.003 0 0 0 1.42-1.42L7.41 8z"
            fillRule="evenodd"
          />
        </svg>
      </span>
    </button>
    pagination.page
    <input
      className="bitfinex-page-input"
      data-pagelen={2}
      disabled={false}
      onKeyPress={[Function]}
      placeholder={1}
    />
    pagination.of
     
    2
    
    <button
      className="bp3-button bp3-minimal"
      onClick={[Function]}
      onKeyDown={[Function]}
      onKeyUp={[Function]}
      type="button"
    >
      <span
        className="bp3-icon bp3-icon-chevron-right"
        icon="chevron-right"
      >
        <svg
          data-icon="chevron-right"
          height={16}
          viewBox="0 0 16 16"
          width={16}
        >
          <desc>
            chevron-right
          </desc>
          <path
            d="M10.71 7.29l-4-4a1.003 1.003 0 0 0-1.42 1.42L8.59 8 5.3 11.29c-.19.18-.3.43-.3.71a1.003 1.003 0 0 0 1.71.71l4-4c.18-.18.29-.43.29-.71 0-.28-.11-.53-.29-.71z"
            fillRule="evenodd"
          />
        </svg>
      </span>
    </button>
    <button
      className="bp3-button bp3-disabled bp3-minimal"
      disabled={true}
      onKeyDown={[Function]}
      onKeyUp={[Function]}
      tabIndex={-1}
      type="button"
    >
      <span
        className="bp3-icon bp3-icon-double-chevron-right"
        icon="double-chevron-right"
      >
        <svg
          data-icon="double-chevron-right"
          height={16}
          viewBox="0 0 16 16"
          width={16}
        >
          <desc>
            double-chevron-right
          </desc>
          <path
            d="M9 8c0-.28-.11-.53-.29-.71l-4-4a1.003 1.003 0 0 0-1.42 1.42L6.59 8 3.3 11.29c-.19.18-.3.43-.3.71a1.003 1.003 0 0 0 1.71.71l4-4C8.89 8.53 9 8.28 9 8zm4.71-.71l-4-4a1.003 1.003 0 0 0-1.42 1.42L11.59 8 8.3 11.29c-.19.18-.3.43-.3.71a1.003 1.003 0 0 0 1.71.71l4-4c.18-.18.29-.43.29-.71 0-.28-.11-.53-.29-.71z"
            fillRule="evenodd"
          />
        </svg>
      </span>
    </button>
    <div
      id="mockQueryLimitSelector"
    >
      QueryLimitSelector
    </div>
  </div>
</div>
`;

exports[`render trades correctly in 1 of 2 pages 2`] = `
<div
  className="row center-xs"
>
  <div
    className="bitfinex-pagination-group col-xs-12 col-sm-6"
  >
    <button
      className="bp3-button bp3-disabled bp3-minimal"
      disabled={true}
      onKeyDown={[Function]}
      onKeyUp={[Function]}
      tabIndex={-1}
      type="button"
    >
      <span
        className="bp3-icon bp3-icon-double-chevron-left"
        icon="double-chevron-left"
      >
        <svg
          data-icon="double-chevron-left"
          height={16}
          viewBox="0 0 16 16"
          width={16}
        >
          <desc>
            double-chevron-left
          </desc>
          <path
            d="M4.41 8L7.7 4.71c.19-.18.3-.43.3-.71a1.003 1.003 0 0 0-1.71-.71l-4 4C2.11 7.47 2 7.72 2 8c0 .28.11.53.29.71l4 4a1.003 1.003 0 0 0 1.42-1.42L4.41 8zm5 0l3.29-3.29c.19-.18.3-.43.3-.71a1.003 1.003 0 0 0-1.71-.71l-4 4C7.11 7.47 7 7.72 7 8c0 .28.11.53.29.71l4 4a1.003 1.003 0 0 0 1.42-1.42L9.41 8z"
            fillRule="evenodd"
          />
        </svg>
      </span>
    </button>
    <button
      className="bp3-button bp3-minimal"
      onClick={[Function]}
      onKeyDown={[Function]}
      onKeyUp={[Function]}
      type="button"
    >
      <span
        className="bp3-icon bp3-icon-chevron-left"
        icon="chevron-left"
      >
        <svg
          data-icon="chevron-left"
          height={16}
          viewBox="0 0 16 16"
          width={16}
        >
          <desc>
            chevron-left
          </desc>
          <path
            d="M7.41 8l3.29-3.29c.19-.18.3-.43.3-.71a1.003 1.003 0 0 0-1.71-.71l-4 4C5.11 7.47 5 7.72 5 8c0 .28.11.53.29.71l4 4a1.003 1.003 0 0 0 1.42-1.42L7.41 8z"
            fillRule="evenodd"
          />
        </svg>
      </span>
    </button>
    pagination.page
    <input
      className="bitfinex-page-input"
      data-pagelen={2}
      disabled={false}
      onKeyPress={[Function]}
      placeholder={2}
    />
    pagination.of
     
    2
    
    <button
      className="bp3-button bp3-disabled bp3-minimal"
      disabled={true}
      onKeyDown={[Function]}
      onKeyUp={[Function]}
      tabIndex={-1}
      type="button"
    >
      <span
        className="bp3-icon bp3-icon-chevron-right"
        icon="chevron-right"
      >
        <svg
          data-icon="chevron-right"
          height={16}
          viewBox="0 0 16 16"
          width={16}
        >
          <desc>
            chevron-right
          </desc>
          <path
            d="M10.71 7.29l-4-4a1.003 1.003 0 0 0-1.42 1.42L8.59 8 5.3 11.29c-.19.18-.3.43-.3.71a1.003 1.003 0 0 0 1.71.71l4-4c.18-.18.29-.43.29-.71 0-.28-.11-.53-.29-.71z"
            fillRule="evenodd"
          />
        </svg>
      </span>
    </button>
    <button
      className="bp3-button bp3-disabled bp3-minimal"
      disabled={true}
      onKeyDown={[Function]}
      onKeyUp={[Function]}
      tabIndex={-1}
      type="button"
    >
      <span
        className="bp3-icon bp3-icon-double-chevron-right"
        icon="double-chevron-right"
      >
        <svg
          data-icon="double-chevron-right"
          height={16}
          viewBox="0 0 16 16"
          width={16}
        >
          <desc>
            double-chevron-right
          </desc>
          <path
            d="M9 8c0-.28-.11-.53-.29-.71l-4-4a1.003 1.003 0 0 0-1.42 1.42L6.59 8 3.3 11.29c-.19.18-.3.43-.3.71a1.003 1.003 0 0 0 1.71.71l4-4C8.89 8.53 9 8.28 9 8zm4.71-.71l-4-4a1.003 1.003 0 0 0-1.42 1.42L11.59 8 8.3 11.29c-.19.18-.3.43-.3.71a1.003 1.003 0 0 0 1.71.71l4-4c.18-.18.29-.43.29-.71 0-.28-.11-.53-.29-.71z"
            fillRule="evenodd"
          />
        </svg>
      </span>
    </button>
    <div
      id="mockQueryLimitSelector"
    >
      QueryLimitSelector
    </div>
  </div>
</div>
`;

exports[`render trades correctly in 1 of 12 pages 1`] = `
<div
  className="row center-xs"
>
  <div
    className="bitfinex-pagination-group col-xs-12 col-sm-6"
  >
    <button
      className="bp3-button bp3-disabled bp3-minimal"
      disabled={true}
      onKeyDown={[Function]}
      onKeyUp={[Function]}
      tabIndex={-1}
      type="button"
    >
      <span
        className="bp3-icon bp3-icon-double-chevron-left"
        icon="double-chevron-left"
      >
        <svg
          data-icon="double-chevron-left"
          height={16}
          viewBox="0 0 16 16"
          width={16}
        >
          <desc>
            double-chevron-left
          </desc>
          <path
            d="M4.41 8L7.7 4.71c.19-.18.3-.43.3-.71a1.003 1.003 0 0 0-1.71-.71l-4 4C2.11 7.47 2 7.72 2 8c0 .28.11.53.29.71l4 4a1.003 1.003 0 0 0 1.42-1.42L4.41 8zm5 0l3.29-3.29c.19-.18.3-.43.3-.71a1.003 1.003 0 0 0-1.71-.71l-4 4C7.11 7.47 7 7.72 7 8c0 .28.11.53.29.71l4 4a1.003 1.003 0 0 0 1.42-1.42L9.41 8z"
            fillRule="evenodd"
          />
        </svg>
      </span>
    </button>
    <button
      className="bp3-button bp3-disabled bp3-minimal"
      disabled={true}
      onKeyDown={[Function]}
      onKeyUp={[Function]}
      tabIndex={-1}
      type="button"
    >
      <span
        className="bp3-icon bp3-icon-chevron-left"
        icon="chevron-left"
      >
        <svg
          data-icon="chevron-left"
          height={16}
          viewBox="0 0 16 16"
          width={16}
        >
          <desc>
            chevron-left
          </desc>
          <path
            d="M7.41 8l3.29-3.29c.19-.18.3-.43.3-.71a1.003 1.003 0 0 0-1.71-.71l-4 4C5.11 7.47 5 7.72 5 8c0 .28.11.53.29.71l4 4a1.003 1.003 0 0 0 1.42-1.42L7.41 8z"
            fillRule="evenodd"
          />
        </svg>
      </span>
    </button>
    pagination.page
    <input
      className="bitfinex-page-input"
      data-pagelen={12}
      disabled={false}
      onKeyPress={[Function]}
      placeholder={1}
    />
    pagination.of
     
    12
    <span>
      +
    </span>
     
    <button
      className="bp3-button bp3-minimal"
      onClick={[Function]}
      onKeyDown={[Function]}
      onKeyUp={[Function]}
      type="button"
    >
      <span
        className="bp3-icon bp3-icon-chevron-right"
        icon="chevron-right"
      >
        <svg
          data-icon="chevron-right"
          height={16}
          viewBox="0 0 16 16"
          width={16}
        >
          <desc>
            chevron-right
          </desc>
          <path
            d="M10.71 7.29l-4-4a1.003 1.003 0 0 0-1.42 1.42L8.59 8 5.3 11.29c-.19.18-.3.43-.3.71a1.003 1.003 0 0 0 1.71.71l4-4c.18-.18.29-.43.29-.71 0-.28-.11-.53-.29-.71z"
            fillRule="evenodd"
          />
        </svg>
      </span>
    </button>
    <button
      className="bp3-button bp3-minimal"
      onClick={[Function]}
      onKeyDown={[Function]}
      onKeyUp={[Function]}
      type="button"
    >
      <span
        className="bp3-icon bp3-icon-double-chevron-right"
        icon="double-chevron-right"
      >
        <svg
          data-icon="double-chevron-right"
          height={16}
          viewBox="0 0 16 16"
          width={16}
        >
          <desc>
            double-chevron-right
          </desc>
          <path
            d="M9 8c0-.28-.11-.53-.29-.71l-4-4a1.003 1.003 0 0 0-1.42 1.42L6.59 8 3.3 11.29c-.19.18-.3.43-.3.71a1.003 1.003 0 0 0 1.71.71l4-4C8.89 8.53 9 8.28 9 8zm4.71-.71l-4-4a1.003 1.003 0 0 0-1.42 1.42L11.59 8 8.3 11.29c-.19.18-.3.43-.3.71a1.003 1.003 0 0 0 1.71.71l4-4c.18-.18.29-.43.29-.71 0-.28-.11-.53-.29-.71z"
            fillRule="evenodd"
          />
        </svg>
      </span>
    </button>
    <div
      id="mockQueryLimitSelector"
    >
      QueryLimitSelector
    </div>
  </div>
</div>
`;

exports[`render trades correctly in 11 of 12 pages 1`] = `
<div
  className="row center-xs"
>
  <div
    className="bitfinex-pagination-group col-xs-12 col-sm-6"
  >
    <button
      className="bp3-button bp3-minimal"
      onClick={[Function]}
      onKeyDown={[Function]}
      onKeyUp={[Function]}
      type="button"
    >
      <span
        className="bp3-icon bp3-icon-double-chevron-left"
        icon="double-chevron-left"
      >
        <svg
          data-icon="double-chevron-left"
          height={16}
          viewBox="0 0 16 16"
          width={16}
        >
          <desc>
            double-chevron-left
          </desc>
          <path
            d="M4.41 8L7.7 4.71c.19-.18.3-.43.3-.71a1.003 1.003 0 0 0-1.71-.71l-4 4C2.11 7.47 2 7.72 2 8c0 .28.11.53.29.71l4 4a1.003 1.003 0 0 0 1.42-1.42L4.41 8zm5 0l3.29-3.29c.19-.18.3-.43.3-.71a1.003 1.003 0 0 0-1.71-.71l-4 4C7.11 7.47 7 7.72 7 8c0 .28.11.53.29.71l4 4a1.003 1.003 0 0 0 1.42-1.42L9.41 8z"
            fillRule="evenodd"
          />
        </svg>
      </span>
    </button>
    <button
      className="bp3-button bp3-minimal"
      onClick={[Function]}
      onKeyDown={[Function]}
      onKeyUp={[Function]}
      type="button"
    >
      <span
        className="bp3-icon bp3-icon-chevron-left"
        icon="chevron-left"
      >
        <svg
          data-icon="chevron-left"
          height={16}
          viewBox="0 0 16 16"
          width={16}
        >
          <desc>
            chevron-left
          </desc>
          <path
            d="M7.41 8l3.29-3.29c.19-.18.3-.43.3-.71a1.003 1.003 0 0 0-1.71-.71l-4 4C5.11 7.47 5 7.72 5 8c0 .28.11.53.29.71l4 4a1.003 1.003 0 0 0 1.42-1.42L7.41 8z"
            fillRule="evenodd"
          />
        </svg>
      </span>
    </button>
    pagination.page
    <input
      className="bitfinex-page-input"
      data-pagelen={12}
      disabled={false}
      onKeyPress={[Function]}
      placeholder={11}
    />
    pagination.of
     
    12
    
    <button
      className="bp3-button bp3-minimal"
      onClick={[Function]}
      onKeyDown={[Function]}
      onKeyUp={[Function]}
      type="button"
    >
      <span
        className="bp3-icon bp3-icon-chevron-right"
        icon="chevron-right"
      >
        <svg
          data-icon="chevron-right"
          height={16}
          viewBox="0 0 16 16"
          width={16}
        >
          <desc>
            chevron-right
          </desc>
          <path
            d="M10.71 7.29l-4-4a1.003 1.003 0 0 0-1.42 1.42L8.59 8 5.3 11.29c-.19.18-.3.43-.3.71a1.003 1.003 0 0 0 1.71.71l4-4c.18-.18.29-.43.29-.71 0-.28-.11-.53-.29-.71z"
            fillRule="evenodd"
          />
        </svg>
      </span>
    </button>
    <button
      className="bp3-button bp3-disabled bp3-minimal"
      disabled={true}
      onKeyDown={[Function]}
      onKeyUp={[Function]}
      tabIndex={-1}
      type="button"
    >
      <span
        className="bp3-icon bp3-icon-double-chevron-right"
        icon="double-chevron-right"
      >
        <svg
          data-icon="double-chevron-right"
          height={16}
          viewBox="0 0 16 16"
          width={16}
        >
          <desc>
            double-chevron-right
          </desc>
          <path
            d="M9 8c0-.28-.11-.53-.29-.71l-4-4a1.003 1.003 0 0 0-1.42 1.42L6.59 8 3.3 11.29c-.19.18-.3.43-.3.71a1.003 1.003 0 0 0 1.71.71l4-4C8.89 8.53 9 8.28 9 8zm4.71-.71l-4-4a1.003 1.003 0 0 0-1.42 1.42L11.59 8 8.3 11.29c-.19.18-.3.43-.3.71a1.003 1.003 0 0 0 1.71.71l4-4c.18-.18.29-.43.29-.71 0-.28-.11-.53-.29-.71z"
            fillRule="evenodd"
          />
        </svg>
      </span>
    </button>
    <div
      id="mockQueryLimitSelector"
    >
      QueryLimitSelector
    </div>
  </div>
</div>
`;

exports[`render trades correctly in 12 of 12 pages 1`] = `
<div
  className="row center-xs"
>
  <div
    className="bitfinex-pagination-group col-xs-12 col-sm-6"
  >
    <button
      className="bp3-button bp3-minimal"
      onClick={[Function]}
      onKeyDown={[Function]}
      onKeyUp={[Function]}
      type="button"
    >
      <span
        className="bp3-icon bp3-icon-double-chevron-left"
        icon="double-chevron-left"
      >
        <svg
          data-icon="double-chevron-left"
          height={16}
          viewBox="0 0 16 16"
          width={16}
        >
          <desc>
            double-chevron-left
          </desc>
          <path
            d="M4.41 8L7.7 4.71c.19-.18.3-.43.3-.71a1.003 1.003 0 0 0-1.71-.71l-4 4C2.11 7.47 2 7.72 2 8c0 .28.11.53.29.71l4 4a1.003 1.003 0 0 0 1.42-1.42L4.41 8zm5 0l3.29-3.29c.19-.18.3-.43.3-.71a1.003 1.003 0 0 0-1.71-.71l-4 4C7.11 7.47 7 7.72 7 8c0 .28.11.53.29.71l4 4a1.003 1.003 0 0 0 1.42-1.42L9.41 8z"
            fillRule="evenodd"
          />
        </svg>
      </span>
    </button>
    <button
      className="bp3-button bp3-minimal"
      onClick={[Function]}
      onKeyDown={[Function]}
      onKeyUp={[Function]}
      type="button"
    >
      <span
        className="bp3-icon bp3-icon-chevron-left"
        icon="chevron-left"
      >
        <svg
          data-icon="chevron-left"
          height={16}
          viewBox="0 0 16 16"
          width={16}
        >
          <desc>
            chevron-left
          </desc>
          <path
            d="M7.41 8l3.29-3.29c.19-.18.3-.43.3-.71a1.003 1.003 0 0 0-1.71-.71l-4 4C5.11 7.47 5 7.72 5 8c0 .28.11.53.29.71l4 4a1.003 1.003 0 0 0 1.42-1.42L7.41 8z"
            fillRule="evenodd"
          />
        </svg>
      </span>
    </button>
    pagination.page
    <input
      className="bitfinex-page-input"
      data-pagelen={12}
      disabled={false}
      onKeyPress={[Function]}
      placeholder={12}
    />
    pagination.of
     
    12
    
    <button
      className="bp3-button bp3-disabled bp3-minimal"
      disabled={true}
      onKeyDown={[Function]}
      onKeyUp={[Function]}
      tabIndex={-1}
      type="button"
    >
      <span
        className="bp3-icon bp3-icon-chevron-right"
        icon="chevron-right"
      >
        <svg
          data-icon="chevron-right"
          height={16}
          viewBox="0 0 16 16"
          width={16}
        >
          <desc>
            chevron-right
          </desc>
          <path
            d="M10.71 7.29l-4-4a1.003 1.003 0 0 0-1.42 1.42L8.59 8 5.3 11.29c-.19.18-.3.43-.3.71a1.003 1.003 0 0 0 1.71.71l4-4c.18-.18.29-.43.29-.71 0-.28-.11-.53-.29-.71z"
            fillRule="evenodd"
          />
        </svg>
      </span>
    </button>
    <button
      className="bp3-button bp3-disabled bp3-minimal"
      disabled={true}
      onKeyDown={[Function]}
      onKeyUp={[Function]}
      tabIndex={-1}
      type="button"
    >
      <span
        className="bp3-icon bp3-icon-double-chevron-right"
        icon="double-chevron-right"
      >
        <svg
          data-icon="double-chevron-right"
          height={16}
          viewBox="0 0 16 16"
          width={16}
        >
          <desc>
            double-chevron-right
          </desc>
          <path
            d="M9 8c0-.28-.11-.53-.29-.71l-4-4a1.003 1.003 0 0 0-1.42 1.42L6.59 8 3.3 11.29c-.19.18-.3.43-.3.71a1.003 1.003 0 0 0 1.71.71l4-4C8.89 8.53 9 8.28 9 8zm4.71-.71l-4-4a1.003 1.003 0 0 0-1.42 1.42L11.59 8 8.3 11.29c-.19.18-.3.43-.3.71a1.003 1.003 0 0 0 1.71.71l4-4c.18-.18.29-.43.29-.71 0-.28-.11-.53-.29-.71z"
            fillRule="evenodd"
          />
        </svg>
      </span>
    </button>
    <div
      id="mockQueryLimitSelector"
    >
      QueryLimitSelector
    </div>
  </div>
</div>
`;
